// Vitest Snapshot v1, https://vitest.dev/guide/snapshot.html

exports[`Typography regression — headline class strings > [multi-day] hero subhead 1`] = `"mt-6 text-[1rem] md:text-[1.1rem] text-[color:var(--charcoal-soft)] leading-relaxed"`;

exports[`Typography regression — headline class strings > [proposals] hero subhead 1`] = `"mt-6 text-[1rem] md:text-[1.1rem] text-[color:var(--charcoal-soft)] leading-relaxed"`;

exports[`Typography regression — token rules from styles.css > token .hero-h1 1`] = `
"base: letter-spacing: -0.012em; line-height: 1.08;
base: letter-spacing: -0.014em; line-height: 1.04;
base: letter-spacing: -0.018em; line-height: 1.14;
base: letter-spacing: -0.022em; line-height: 1.1;
base: animation: heroEnterFadeOnly 0.4s ease-out 0.6s both !important;"
`;

exports[`Typography regression — token rules from styles.css > token .t-display 1`] = `
"base: font-family: var(--font-display); font-weight: 700; font-size: 2.25rem; line-height: 1.06; letter-spacing: -0.022em;
base: font-size: 4rem;
base: font-size: 4.75rem; line-height: 0.98;"
`;

exports[`Typography regression — token rules from styles.css > token .t-eyebrow 1`] = `"base: font-family: var(--font-sans); font-size: 11px; line-height: 1; letter-spacing: 0.28em; text-transform: uppercase; color: var(--charcoal-soft);"`;

exports[`Typography regression — token rules from styles.css > token .t-h1 1`] = `
"base: font-family: var(--font-display); font-weight: 700; font-size: 2rem; line-height: 1.1; letter-spacing: -0.018em;
base: font-size: 3.75rem; line-height: 1.04;"
`;

exports[`Typography regression — token rules from styles.css > token .t-h2 1`] = `
"base: font-family: var(--font-display); font-weight: 700; font-size: 1.78rem; line-height: 1.18; letter-spacing: -0.014em;
base: font-size: 2.25rem; line-height: 1.1;"
`;

exports[`Typography regression — token rules from styles.css > token .t-h3 1`] = `
"base: font-family: var(--font-display); font-weight: 600; font-size: 1.47rem; line-height: 1.22; letter-spacing: -0.012em;
base: font-size: 1.75rem; line-height: 1.18;"
`;

exports[`Typography regression — token rules from styles.css > token .t-lead 1`] = `
"base: font-family: var(--font-sans); font-size: 16px; line-height: 1.7; font-weight: 400; color: var(--charcoal);
base: font-size: 17px;"
`;
